<?xml version="1.0" encoding="UTF-8" standalone="no" ?><root><a><b><c><d>lala</d></c></b></a></root>
