<order_line id="1"><item_id>611</item_id>
<quantity_of_item>44</quantity_of_item>
<discount_rate>0.02</discount_rate>
<special_instructions>m3,GZTY#N5Jmvo]o*7.uTMN=K4uaz cngdAQd}RiS5SM8$GTxXb{y7-!Rd|D,v~D5;}GG2U)TAyZQ1s</special_instructions>
</order_line>