<Output id="1"/><Output id="6"/><Output id="7"/><Output id="8"/><Output id="16"/><Output id="25"/>