<OneItemLine id="9"/><OneItemLine id="15"/><OneItemLine id="17"/>