<Output><CustKey>310</CustKey><NumberOfOrders>1</NumberOfOrders></Output>