<item_id>601</item_id><item_id>580</item_id><item_id>899</item_id><item_id>5</item_id><item_id>223</item_id>