<Output><title>ActivitiesBABABABABARIRIlookwith</title></Output><Output><title>Specific,minorwagesthroughBABABABAOGATOGthe</title></Output><Output><title>ParticularBABABABARISEOGfeaturesinvestigate.</title></Output>