<Output><name>beans within the dogged, bold dolphins can print fi</name></Output>