<Output id="I2"/><Output id="I11"/><Output id="I17"/><Output id="I21"/><Output id="I23"/><Output id="I33"/><Output id="I41"/><Output id="I42"/><Output id="I46"/><Output id="I47"/><Output id="I53"/><Output id="I66"/><Output id="I82"/><Output id="I86"/><Output id="I90"/><Output id="I97"/><Output id="I99"/><Output id="I102"/><Output id="I108"/><Output id="I110"/><Output id="I118"/><Output id="I125"/><Output id="I129"/><Output id="I132"/><Output id="I134"/><Output id="I141"/><Output id="I143"/><Output id="I144"/><Output id="I147"/><Output id="I149"/><Output id="I162"/><Output id="I163"/><Output id="I164"/><Output id="I172"/><Output id="I177"/><Output id="I179"/><Output id="I183"/><Output id="I184"/><Output id="I186"/><Output id="I191"/><Output id="I197"/><Output id="I217"/><Output id="I220"/><Output id="I225"/><Output id="I230"/>