<Output><CurrentItem id="I2"/><PreviousItem id="I1"/></Output>