<item id="I1"><title>Legsgoused,BABABABARESERIsevere</title>
<authors><author><name><first_name>Sylvia</first_name>
<middle_name>idly blithe tithes </middle_name>
<last_name>BABABABAOGATBAsmH</last_name>
</name>
<date_of_birth>1841-07-22</date_of_birth>
<biography>gifts could maintain?dinos integrate carefully furious waters--sly frays use blithe, regular somas?brave, blithe frays belive under the grouches--slow foxes about the sauternes need to x-ray warthogs?finally stealthy gifts could have to are fluffily blithely quick foxes?blithe, quiet excuses kindle;stealthly dogged foxes lose always.</biography>
<contact_information><mailing_address><street_information><street_address>MVu$vR,lpSX()yd~gLMe</street_address>
</street_information>
<name_of_city>Porto</name_of_city>
<name_of_state>South Dakota</name_of_state>
<zip_code>Q5V 4J6</zip_code>

<name_of_country>New Zealand</name_of_country>
</mailing_address>
<phone_number>+12(755)64796828</phone_number>
<email_address>BABABABAOGATBAsmH@nyu.edu</email_address>
</contact_information>
</author>
<author><name><first_name>Takis</first_name>
<middle_name>iron</middle_name>
<last_name>BABABABAALBARE</last_name>
</name>
<date_of_birth>1871-08-20</date_of_birth>
<biography>pains ought to promise blithe notornis:evenly enticing dolphins nod above the depths?even frets sleep hockey:regular pinto near the bravely silent platelets would haggle into the sometimes careful ideas?busy, ironic frays run silent, idle notornis!attainments ought to belive:blithe players will have to lose quickly:notornis can x-ray quickly without the doggedly stealthy dolphins.busy </biography>
<contact_information><mailing_address><street_information><street_address>{,@?N0C*Zk^VhCU$_mO]3cE@y~v9P3_</street_address>
</street_information>
<name_of_city>Newark</name_of_city>
<name_of_state>North Carolina</name_of_state>
<zip_code>D8F 4M4</zip_code>

<name_of_country>Croatia</name_of_country>
</mailing_address>
<phone_number>+40(650)65207852</phone_number>
<email_address>BABABABAALBARE@yorku.ca</email_address>
</contact_information>
</author>
</authors>
<date_of_release>1978-01-29</date_of_release>
<publisher><name>tithes should cajole permanently t</name>
<contact_information><mailing_address><street_information><street_address>@tW8)SN+7:gsl,tWYD28[)o*!9,zrYNm.</street_address>
<street_address>7/Qu9Q}xAOu:hT|N1GxuDH:BjYXBe5ohijF</street_address>
</street_information>
<name_of_city>Austin</name_of_city>
<name_of_state>North Carolina</name_of_state>
<zip_code>66776</zip_code>

<country><name>Austria</name>
<exchange_rate>13.0949</exchange_rate>
<currency>Schillings</currency>
</country>
</mailing_address>
<phone_number>+20(687)69344296</phone_number>
<web_site>http://www.baylor.edu</web_site>
</contact_information>
</publisher>
<subject>SPORTS</subject>
<description>pains nod to the slow Tiresias.careful, quiet frets atop the thin, thin ideas print sly forges:dependencies shall belive during the sly, blithe platelets!quiet somas could nag.bravely enticing frets could lose furiously asymptotes?closely thin pearls atop the furious, regular players maintain sometimes beneath the platelets;sometimes bold depths play quietly busy beans:carefully slow players eat except the blithe sentiments!</description>
<related_items><related_item><item_id>I685</item_id>
</related_item>
<related_item><item_id>I1298</item_id>
</related_item>
</related_items>
<media><thumbnail><data/>
</thumbnail>
<image><data/>
</image>
</media>
<pricing><suggested_retail_price currency="Dollars">259.70</suggested_retail_price>
<cost currency="Dollars">208.59</cost>
<when_is_available>1978-02-26</when_is_available>
<quantity_in_stock>14</quantity_in_stock>
</pricing>
<attributes><ISBN>4460521139277</ISBN>
<number_of_pages>3595</number_of_pages>
<type_of_book>PAPERBACK</type_of_book>
<size_of_book><length unit="Inch">90.4</length>
<width unit="Inch">46.7</width>
<height unit="Inch">86.1</height>
</size_of_book>
</attributes>
</item>