<Q8 xmlns:eachbay="http://www.example.com/auctioneers#eachbay" xmlns:ma="http://www.example.com/AuctionWatch" xmlns:xlink="http://www.w3.org/1999/xlink"><ma:High_Bidder>
            <eachbay:ID>VintageRecordFreak</eachbay:ID>
            <eachbay:PositiveComments>232</eachbay:PositiveComments>
            <eachbay:NeutralComments>0</eachbay:NeutralComments>
            <eachbay:NegativeComments>0</eachbay:NegativeComments>
            <ma:MemberInfoPage xlink:href="http://auction.eachbay.com/showRating/user=VintageRecordFreak" xlink:role="ma:MemberInfoPage" xlink:type="simple"/>            
        </ma:High_Bidder></Q8>
