<section_list><section figcount="0" title="Introduction"/><section figcount="0" title="Audience"/><section figcount="1" title="Web Data and the Two Cultures"/><section figcount="1" title="A Syntax For Data"/><section figcount="0" title="Base Types"/><section figcount="1" title="Representing Relational Databases"/><section figcount="0" title="Representing Object Databases"/></section_list>
