<HeadingOfSection heading="sheaves beneath the ironic, permanent realms should have to use upon "/>