<Output><Date>1997-12-14</Date><NumberOfArticles>1</NumberOfArticles></Output><Output><Date>1986-10-31</Date><NumberOfArticles>1</NumberOfArticles></Output><Output><Date>1993-12-12</Date><NumberOfArticles>1</NumberOfArticles></Output><Output><Date>1991-12-12</Date><NumberOfArticles>1</NumberOfArticles></Output><Output><Date>1994-07-23</Date><NumberOfArticles>1</NumberOfArticles></Output><Output><Date>1982-07-04</Date><NumberOfArticles>1</NumberOfArticles></Output><Output><Date>1991-10-19</Date><NumberOfArticles>1</NumberOfArticles></Output><Output><Date>1988-04-21</Date><NumberOfArticles>1</NumberOfArticles></Output><Output><Date>1997-04-27</Date><NumberOfArticles>1</NumberOfArticles></Output><Output><Date>1989-05-28</Date><NumberOfArticles>1</NumberOfArticles></Output>