<title>busily sly frays would run busily within the sentimen</title><title>doggedly daring multipliers past </title>