<publisher><name>excuses promise ironical</name>
<contact_information><mailing_address><street_information><street_address>BmS#F^Op__locy0:4 T6G:K+QFu04o[</street_address>
</street_information>
<name_of_city>Newark</name_of_city>
<name_of_state>Tennessee</name_of_state>
<zip_code>91423</zip_code>

<country><name>Faroe Island</name>
<exchange_rate>7.124</exchange_rate>
<currency>Krone</currency>
</country>
</mailing_address>
<FAX_number>+85(74)32137388</FAX_number>
<phone_number>+37(357)63120284</phone_number>
<web_site>http://www.unl.edu</web_site>
</contact_information>
</publisher>