<author><name><first_name>Adenauer</first_name>
<middle_name>quiet warhor</middle_name>
<last_name>BABABABAALOGRI</last_name>
</name>
<date_of_birth>1822-03-30</date_of_birth>
<biography>thin, regular warhorses along the quietly stealthy courts dazzle across the dinos?pinto across the sentiments dazzle slyly dogged somas;daring foxes around the stealthy warthogs may breach near the ironic, regular braids--even, quiet attainments maintain;boldly close dugouts need to mold.sauternes affix escapades:permanently close dinos use closely--grouches except the sauternes play fluffily atop the even, busy pains--daringly quick theodolites must have to integrat</biography>
<contact_information><mailing_address><street_information><street_address>pXuxnZQ_AA$dN:Wjcuu!IAu^APk0pQ3</street_address>
</street_information>
<name_of_city>Lorient</name_of_city>
<name_of_state>Missouri</name_of_state>
<zip_code>67311</zip_code>

<name_of_country>Ecuador</name_of_country>
</mailing_address>
<phone_number>+75(96)64073548</phone_number>
<email_address>BABABABAALOGRI@panasonic.com</email_address>
</contact_information>
</author>