<name>Poorani Yuguchi</name><name>Hilding Krackhardt</name><name>Sumanta Svjatnyi</name><name>Kwok Encarnacion</name><name>Fanya Korncoff</name>