<category name="Home" id="root">
  <category id="49-1127912717543" name="folder1"/>
  <category id="49-1127912719803" name="folder2"/>
</category><category id="49-1127912717543" name="folder1"/><category id="49-1127912719803" name="folder2"/>