
<root>
  <a>1</a>
  <b>1</b>
</root>

<root>
  <a>2</a>
</root>
