<a>123</a><a>123</a><a value="xyz">456</a><a value="xyz">456</a>