<Output><CurrentEntry>untuneyou</CurrentEntry><PreviousEntry>chinks</PreviousEntry></Output>