<parttree><part id="1" partof="0" name="engine"/><part id="10" name="car"/><part id="2" partof="0" name="door"/><part id="3" partof="1" name="piston"/><part id="4" partof="2" name="window"/><part id="5" partof="2" name="lock"/><part id="6" partof="6" name="board"/><part id="7" partof="7" name="wheel"/><part id="8" name="canoe"/><part id="9" name="skateboard"/></parttree>