<Output id="16"><order_date>2004-09-18</order_date><ship_type>COURIER</ship_type></Output>