<Output><Publisher>pinto should grow doggedly past the ironic, bu</Publisher><NumberOfItems>1</NumberOfItems></Output><Output><Publisher>slow decoys besides the thin excuses may print blithely</Publisher><NumberOfItems>1</NumberOfItems></Output><Output><Publisher>pains over the platelets affix inside the decoys</Publisher><NumberOfItems>1</NumberOfItems></Output><Output><Publisher>waters since the finally t</Publisher><NumberOfItems>1</NumberOfItems></Output><Output><Publisher>beans within the dogged, bold dolphins can print fi</Publisher><NumberOfItems>1</NumberOfItems></Output>