<Output><hw>bigger</hw><pr>^UyAkliq*S?@j^mG]</pr></Output><Output><hw>enjoying</hw><pr>cVn@F#P=qoRK[</pr></Output><Output><hw>fumes</hw><pr>}Gv~ZmN^d</pr></Output>