<NoVFLnET id="E5"/><NoVFLnET id="E6"/><NoVFLnET id="E7"/><NoVFLnET id="E15"/><NoVFLnET id="E26"/><NoVFLnET id="E29"/><NoVFLnET id="E30"/><NoVFLnET id="E32"/><NoVFLnET id="E35"/><NoVFLnET id="E39"/><NoVFLnET id="E41"/><NoVFLnET id="E42"/><NoVFLnET id="E48"/><NoVFLnET id="E65"/>