<Output><title>doggedly daring multipliers past </title><country>Canada</country></Output><Output><title>enticingly bold somas hang boldly realms;de</title><country>Germany</country></Output><Output><title>grouches will have to detect ruthless multipl</title><country>Indonesia</country></Output><Output><title>pinto dazzle besides the pearls--close epitaphs inside the slow instructions ought to haggle</title><country>Kazakhstan</country></Output><Output><title>grouches hinder enticingly:busy, careful notornis shoul</title><country>Poland</country></Output><Output><title>busily sly frays would run busily within the sentimen</title><country>Poland</country></Output><Output><title>ruthlessly thin Tiresias can sleep among the frets!tithes lose slyly inst</title><country>South Africa</country></Output><Output><title>fluffy, bold gifts could have to thrash;hockey should b</title><country>Tanzania</country></Output><Output><title>ideas belive evenly:ruthlessly dogged decoys could hav</title><country>Turkmenistan</country></Output><Output><title>idle epitaphs according to the epi</title><country>Uzbekistan</country></Output>