<name>Lubos Wolford</name><name>Darwyn Sonderegger</name><name>Yumiko Frezza</name><name>Gully Trunk</name><name>Hock Schwanke</name><name>Romeo Konikowska</name><name>Baback Tetzlaff</name><name>Simson Tekampe</name><name>Pratheep Krotopoulou</name><name>Jeongyoujng Khedro</name><name>Ahvin Worland</name><name>Gottfried Meidanis</name><name>Gautam Krackhardt</name>