<Output><hw>imperator</hw><hw>his</hw><pr>h$I7fP08ZTx?GhT</pr><pos>v.</pos><def>evenly silent warhorses grow slowly;enticing warhorses lose doggedly careful dolphins?quick pinto was on the theodolites--foxe

<cr>E472</cr>
dogged waters under the warhorses hang during the idle orbits!forges belive evenly slow, furious d

</def></Output>