<Output><hw>commixture</hw></Output><Output><hw>bard</hw></Output>