<hw>moods</hw><hw>moulds</hw><hw>fattest</hw><hw>unbegot</hw><hw>bane</hw><hw>the</hw><hw>peaceably</hw><hw>descants</hw><hw>distraught</hw><hw>fico</hw><hw>commixture</hw><hw>bard</hw><hw>arise</hw><hw>infortunate</hw><hw>pencilled</hw><hw>fumes</hw><hw>woman</hw><hw>smoth</hw><hw>another</hw><hw>pestiferous</hw><hw>imperator</hw><hw>his</hw><hw>smothering</hw><hw>and</hw><hw>satisfy</hw><hw>void</hw><hw>tilt</hw><hw>feedeth</hw><hw>chinks</hw><hw>untune</hw><hw>you</hw><hw>detesting</hw><hw>irishman</hw><hw>greatly</hw>