<Output><a>Mehul Michaelski</a><qd>1058</qd></Output><Output><a>Tsutomu Scharinger</a><qd>1092</qd></Output><Output><qd>1235</qd></Output><Output><a>Kumiko Rueda</a><qd>1276</qd></Output><Output><a>LiWu Alpay</a><qd>1318</qd></Output><Output><a>Wilhelm Munro</a><qd>1372</qd></Output><Output><a>Jingling Alameldin</a><qd>1404</qd></Output><Output><qd>1476</qd></Output><Output><qd>1557</qd></Output><Output><qd>1581</qd></Output><Output><a>Siranush Marchesini</a><qd>1702</qd></Output><Output><a>Ricarda Murer</a><qd>1718</qd></Output><Output><qd>174</qd></Output><Output><a>Colm Vittorini</a><qd>1835</qd></Output><Output><a>Nader Coscoy</a><qd>1922</qd></Output><Output><qd>195</qd></Output><Output><a>Anh Acklen</a><qd>196</qd></Output><Output><a>Ashoke Kahn</a><qd>1999</qd></Output><Output><qd>208</qd></Output><Output><a>Jingling Alameldin</a><qd>219</qd></Output><Output><a>Wilson Sciarra</a><qd>281</qd></Output><Output><a>Xiao Srini</a><qd>331</qd></Output><Output><qd>347</qd></Output><Output><a>Kyuchul Bhavnani</a><qd>379</qd></Output><Output><a>Asiri Shijie</a><qd>411</qd></Output><Output><a>Dagobert Darbha</a><qd>437</qd></Output><Output><qd>458</qd></Output><Output><a>Rongheng Appelfeller</a><qd>509</qd></Output><Output><a>Henri Lecon</a><qd>554</qd></Output><Output><qd>67</qd></Output><Output><a>Garnik Mussi</a><qd>696</qd></Output><Output><a>Trudy Schreckenghost</a><qd>7</qd></Output><Output><qd>77</qd></Output><Output><qd>864</qd></Output><Output><a>Seong Gluck</a><qd>984</qd></Output><Output><a>Randi Tomek</a><qd>985</qd></Output>