<Q7 xmlns:xlink="http://www.w3.org/1999/xlink"><ma:AuctionHomepage xmlns:ma="http://www.example.com/AuctionWatch" xlink:href="http://auctions.yabadoo.com/auction/13143816" xlink:type="simple"/></Q7>
