<parttree><part name="car" partid="0"><part name="engine" partid="1"><part name="piston" partid="3"/></part><part name="door" partid="2"><part name="window" partid="4"/><part name="lock" partid="5"/></part></part><part name="skateboard" partid="10"><part name="board" partid="11"/><part name="wheel" partid="12"/></part><part name="canoe" partid="20"/></parttree>
