<Q7 xmlns:xlink="http://www.w3.org/1999/xlink"><ma:AuctionHomepage xmlns:ma="http://www.example.com/AuctionWatch" xlink:type="simple" xlink:href="http://auctions.yabadoo.com/auction/13143816"/></Q7>