<Output><mailing_address><street_information><street_address>yv U,T)BN~sJI_yNlM#L</street_address>
</street_information>
<name_of_city>Monterrey</name_of_city>
<name_of_state>Northwest Territories</name_of_state>
<zip_code>69001</zip_code>

<name_of_country>Jordan</name_of_country>
</mailing_address></Output>