<Output><title>Direct,shorttalksBABABABAOGALATcanshowatthe</title><publisher><name>beans must use.</name>
<contact_information><mailing_address><street_information><street_address>,[4UPTAUm!VF+|*U(+0YOSBa$L@ys6$</street_address>
</street_information>
<name_of_city>Wilmington</name_of_city>
<name_of_state>Montana</name_of_state>
<zip_code>16635</zip_code>

<country><name>Ecuador</name>
<exchange_rate>9600</exchange_rate>
<currency>Sucre</currency>
</country>
</mailing_address>
<FAX_number>+47(455)2623280.5</FAX_number>
<phone_number>+72(963)72893640</phone_number>
<web_site>http://www.concentric.net</web_site>
</contact_information>
</publisher></Output><Output><title>Strange,BABABABAREALULparliamentary</title><publisher><name>beans within the dogged, bold dolphins can print fi</name>
<contact_information><mailing_address><street_information><street_address>i|Ue6={+e5r}Qte/zuhNe8r|+k5o|eN9H</street_address>
<street_address>/y}va*jMA;g]WZ-jaAsEL_lJ=-NG/^ s^xR/-OVk</street_address>
</street_information>
<name_of_city>Lima</name_of_city>
<name_of_state>New Mexico</name_of_state>
<zip_code>15808</zip_code>

<country><name>Portugal</name>
<exchange_rate>190.788</exchange_rate>
<currency>Escudo</currency>
</country>
</mailing_address>
<phone_number>+29(952)92585056</phone_number>
<web_site>http://www.uta.edu</web_site>
</contact_information>
</publisher></Output><Output><title>BasicareasBABABABABANGSEdo</title><publisher><name>boldly brave realms are daringly daring </name>
<contact_information><mailing_address><street_information><street_address>ee ~q9Gxy1zDNJWtU</street_address>
<street_address>D]2*9)1-}+(1${:*k8Gw,~W:Kdv7?_J0</street_address>
</street_information>
<name_of_city>Richmond</name_of_city>
<name_of_state>Minnesota</name_of_state>
<zip_code>32936</zip_code>

<country><name>India</name>
<exchange_rate>42.75</exchange_rate>
<currency>Rupees</currency>
</country>
</mailing_address>
<phone_number>+37(792)61152904</phone_number>
<web_site>http://www.edu.sg</web_site>
</contact_information>
</publisher></Output><Output><title>SmallfilmswithoutBABABABARIBASEthedaysoughttogetin</title><publisher><name>daringly silent beans shall have to impress sl</name>
<contact_information><mailing_address><street_information><street_address>Yyg^|1UAqMt(MHSdV1|g70ZW.p/Sb</street_address>
<street_address>^Vyv!Nbp*l5yJvD^fx0</street_address>
</street_information>
<name_of_city>Orlando</name_of_city>
<name_of_state>Rhode Island</name_of_state>
<zip_code>71471</zip_code>

<country><name>Spain</name>
<exchange_rate>158.34</exchange_rate>
<currency>Pesetas</currency>
</country>
</mailing_address>
<FAX_number>+97(534)11696206</FAX_number>
<phone_number>+77(54)83866792</phone_number>
<web_site>http://www.informix.com</web_site>
</contact_information>
</publisher></Output><Output><title>LightBABABABAOGRERIexperiences</title><publisher><name>finally regular asymptotes breach blithely theodolites!pi</name>
<contact_information><mailing_address><street_information><street_address>-?;bG{7iYuIw?1R,8ugVr(hr?q:=._A</street_address>
</street_information>
<name_of_city>Fairbanks</name_of_city>
<name_of_state>Virginia</name_of_state>
<zip_code>02032</zip_code>

<country><name>Portugal</name>
<exchange_rate>190.788</exchange_rate>
<currency>Escudo</currency>
</country>
</mailing_address>
<FAX_number>+51(884)60766804</FAX_number>
<phone_number>+48(807)95874872</phone_number>
<web_site>http://www.uni-muenchen.de</web_site>
</contact_information>
</publisher></Output><Output><title>White,vitalBABABABAOGINREcoloursin</title><publisher><name>furiously regula</name>
<contact_information><mailing_address><street_information><street_address>kwMfq $wDV;G8T.hCq7)uQ#A8</street_address>
</street_information>
<name_of_city>Charlotte</name_of_city>
<name_of_state>Texas</name_of_state>
<zip_code>06824</zip_code>

<country><name>Singapore</name>
<exchange_rate>1.72929</exchange_rate>
<currency>Dollars</currency>
</country>
</mailing_address>
<FAX_number>+48(562)41867856</FAX_number>
<phone_number>+48(898)37163472</phone_number>
<web_site>http://www.yahoo.com</web_site>
</contact_information>
</publisher></Output><Output><title>BABABABAREBABAHuman,otherrooms</title><publisher><name>pains over the platelets affix inside the decoys</name>
<contact_information><mailing_address><street_information><street_address> 8v0:#12zw#WB!|/;$r{VvM}IvA#)uY_.n</street_address>
</street_information>
<name_of_city>Helena</name_of_city>
<name_of_state>Alberta</name_of_state>
<zip_code>36979</zip_code>

<country><name>Luxembourg</name>
<exchange_rate>38.3892</exchange_rate>
<currency>Francs </currency>
</country>
</mailing_address>
<FAX_number>+23(16)63804712</FAX_number>
<phone_number>+10(478)20473144</phone_number>
<web_site>http://www.lehner.net</web_site>
</contact_information>
</publisher></Output><Output><title>ForeignbankswillBABABABAOGULOGhavetohold</title><publisher><name>permanently careful dugouts do x-ray stealt</name>
<contact_information><mailing_address><street_information><street_address>9xva#l1byS*#J!J_</street_address>
<street_address>Mjvsq)f[6D4wjDk</street_address>
</street_information>
<name_of_city>Waterloo</name_of_city>
<name_of_state>Quebec</name_of_state>
<zip_code>45806</zip_code>

<country><name>Norway</name>
<exchange_rate>7.83101</exchange_rate>
<currency>Kroner</currency>
</country>
</mailing_address>
<FAX_number>+65(486)33505654</FAX_number>
<phone_number>+55(990)61485148</phone_number>
<web_site>http://www.cornell.edu</web_site>
</contact_information>
</publisher></Output><Output><title>International,happyBABABABABAATULwords</title><publisher><name>pinto should grow doggedly past the ironic, bu</name>
<contact_information><mailing_address><street_information><street_address>Z DU1m::so([mIZ|kLm#Qu=Y^T</street_address>
</street_information>
<name_of_city>Paris</name_of_city>
<name_of_state>Quebec</name_of_state>
<zip_code>12299</zip_code>

<country><name>Turkey</name>
<exchange_rate>401500</exchange_rate>
<currency>Lira</currency>
</country>
</mailing_address>
<FAX_number>+31(815)99085040</FAX_number>
<phone_number>+41(905)13751213</phone_number>
<web_site>http://www.dauphine.fr</web_site>
</contact_information>
</publisher></Output><Output><title>Skillsdestroyinthelocal,industrialBABABABAALATOG</title><publisher><name>quickly final platelets wou</name>
<contact_information><mailing_address><street_information><street_address>YkB:91 M.9lBfwaI[gr-O~rB_fR;gSaQrz)l,</street_address>
</street_information>
<name_of_city>Brussels</name_of_city>
<name_of_state>Tennessee</name_of_state>
<zip_code>51283</zip_code>

<country><name>Belarus</name>
<exchange_rate>248000</exchange_rate>
<currency>Rouble</currency>
</country>
</mailing_address>
<FAX_number>+84(72)35413256</FAX_number>
<phone_number>+51(123)9891664</phone_number>
<web_site>http://www.lante.com</web_site>
</contact_information>
</publisher></Output><Output><title>RatesBABABABABAATINmayoffer.</title><publisher><name>quiet attainments in place of the d</name>
<contact_information><mailing_address><street_information><street_address>b6W=EovJ|VI/Qd7_w_78).J/mED?FF,</street_address>
</street_information>
<name_of_city>Wilmington</name_of_city>
<name_of_state>Prince Edward Island</name_of_state>
<zip_code>66973</zip_code>

<country><name>Argentina</name>
<exchange_rate>0.998</exchange_rate>
<currency>Pesos</currency>
</country>
</mailing_address>
<phone_number>+60(61)58605336</phone_number>
<web_site>http://www.solidtech.com</web_site>
</contact_information>
</publisher></Output><Output><title>BABABABARIATALAble,common</title><publisher><name>quiet instructions poach enticing sheaves--inst</name>
<contact_information><mailing_address><street_information><street_address>ud;Ts$62 nS74Ih</street_address>
<street_address>xN#dt$+Mp)EgeDEj=(e)v</street_address>
</street_information>
<name_of_city>Austin</name_of_city>
<name_of_state>Saskatchewan</name_of_state>
<zip_code>S2C 2S1</zip_code>

<country><name>Malaysia</name>
<exchange_rate>3.8</exchange_rate>
<currency>Ringgit</currency>
</country>
</mailing_address>
<phone_number>+55(428)46153260</phone_number>
<web_site>http://www.uwaterloo.ca</web_site>
</contact_information>
</publisher></Output><Output><title>BABABABAALULOGNew,extra</title><publisher><name>slow decoys besides the thin excuses may print blithely</name>
<contact_information><mailing_address><street_information><street_address>B]iIp2m!O)iuiqBc5O#uLp-f;uSDl8|r3</street_address>
<street_address>UuZbnETN-+E[MlFa3IzZZ^SU(</street_address>
</street_information>
<name_of_city>Las</name_of_city>
<name_of_state>Montana</name_of_state>
<zip_code>H1K 3O6</zip_code>

<country><name>Gibraltar</name>
<exchange_rate>0.6255</exchange_rate>
<currency>Pound</currency>
</country>
</mailing_address>
<FAX_number>+33(101)63250648</FAX_number>
<phone_number>+50(494)82798416</phone_number>
<web_site>http://www.smu.edu</web_site>
</contact_information>
</publisher></Output><Output><title>Teachersthink.Other,BABABABABABAULjoint</title><publisher><name>slow orbits atop th</name>
<contact_information><mailing_address><street_information><street_address>eD3WAo8a6c8AE^1sW</street_address>
<street_address>A?;Q9Re@N DjX)QzD?ZghLF$DR$q</street_address>
</street_information>
<name_of_city>Butte</name_of_city>
<name_of_state>Washington</name_of_state>
<zip_code>55392</zip_code>

<country><name>Lebanon</name>
<exchange_rate>1502</exchange_rate>
<currency>Pounds</currency>
</country>
</mailing_address>
<FAX_number>+52(219)75405424</FAX_number>
<phone_number>+70(255)38752556</phone_number>
<web_site>http://www.njit.edu</web_site>
</contact_information>
</publisher></Output><Output><title>Easy,BABABABAOGINOGgermancriteriamaystayinthechief,</title><publisher><name>sly, idle sheaves over the dolphins x-ray flu</name>
<contact_information><mailing_address><street_information><street_address>tCZDNu[6-E2?xlt,Wc/@n</street_address>
<street_address>K2N]Ap}y7xwIIQl+c/}3so.41?L]i</street_address>
</street_information>
<name_of_city>Gothenburg</name_of_city>
<name_of_state>Alaska</name_of_state>
<zip_code>P9N 3L8</zip_code>

<country><name>Jamaica</name>
<exchange_rate>37.4</exchange_rate>
<currency>Dollars</currency>
</country>
</mailing_address>
<FAX_number>+45(117)93431984</FAX_number>
<phone_number>+56(268)12380617</phone_number>
<web_site>http://www.indiana.edu</web_site>
</contact_information>
</publisher></Output><Output><title>BABABABARENGALNeedsbelong.Difficult,general</title><publisher><name>sly, quick waters for the realms would lose always near the </name>
<contact_information><mailing_address><street_information><street_address>S5uTq rE;M|,Eu$x[H/|</street_address>
</street_information>
<name_of_city>Baton</name_of_city>
<name_of_state>West Virginia</name_of_state>
<zip_code>22445</zip_code>

<country><name>Iceland</name>
<exchange_rate>74.147</exchange_rate>
<currency>Krona</currency>
</country>
</mailing_address>
<phone_number>+96(662)84164224</phone_number>
<web_site>http://www.gatech.edu</web_site>
</contact_information>
</publisher></Output><Output><title>BABABABABAULSEBritish,economicrecordsactroyal,other</title><publisher><name>slyly brave dependencies thrash </name>
<contact_information><mailing_address><street_information><street_address>+[;ymveHS^!(KE;z</street_address>
</street_information>
<name_of_city>Memphis</name_of_city>
<name_of_state>Kansas</name_of_state>
<zip_code>01614</zip_code>

<country><name>Philippines</name>
<exchange_rate>37.8501</exchange_rate>
<currency>Pesos</currency>
</country>
</mailing_address>
<phone_number>+59(980)26844346</phone_number>
<web_site>http://www.njit.edu</web_site>
</contact_information>
</publisher></Output><Output><title>Issuescanknow.VisitorsmayBABABABABAATINpersuadeinthe</title><publisher><name>waters since the finally t</name>
<contact_information><mailing_address><street_information><street_address>dz@]|0Go|@?zyC$;k*tqHoCb7C5@#b=+GB</street_address>
</street_information>
<name_of_city>Palm</name_of_city>
<name_of_state>Connecticut</name_of_state>
<zip_code>76057</zip_code>

<country><name>Colombia</name>
<exchange_rate>1677</exchange_rate>
<currency>Pesos</currency>
</country>
</mailing_address>
<FAX_number>+68(806)77511288</FAX_number>
<phone_number>+84(893)46090396</phone_number>
<web_site>http://www.intersys.com</web_site>
</contact_information>
</publisher></Output>